main.c:59:5:main	8	static
main.c:76:6:init_tasks	24	static
main.c:121:29:init_stack_scheduler	0	static,ignoring_inline_asm
main.c:126:6:init_sys_tick_timer	32	static
main.c:145:10:get_psp	4	static
main.c:149:6:save_psp_value	16	static
main.c:153:6:update_next_task	16	static
main.c:169:30:switch_sp_psp	0	static,ignoring_inline_asm
main.c:180:6:t_delay	16	static,ignoring_inline_asm
main.c:194:6:schedulePendSV	16	static
main.c:200:30:PendSV_Handler	0	static,ignoring_inline_asm
main.c:214:6:update_global_tick_count	4	static
main.c:218:6:unblock_tasks	16	static
main.c:228:6:SysTick_Handler	16	static
main.c:238:6:idle_task	4	static
main.c:242:6:task1_handler	8	static
main.c:250:6:task2_handler	8	static
main.c:258:6:task3_handler	8	static
main.c:266:6:task4_handler	8	static
main.c:275:6:enable_faults	16	static
main.c:283:6:HardFault_Handler	8	static
main.c:288:6:MemManage_Handler	8	static
main.c:293:6:BusFault_Handler	8	static
